bun test v1.3.3 (274e01c7)
bun : 
No linha:1 caractere:1
+ bun test > test_output.txt 2>&1
+ ~~~~~~~~~~~~~~~~~~~~~~~~~~~~~~~
    + CategoryInfo          : NotSpecifi 
   ed: (:String) [], RemoteException
    + FullyQualifiedErrorId : NativeComm 
   andError
 
src\tests\budget.test.ts:
[36m[2025-11-29T03:17:22.622Z] [INFO] [Database] Creating new Prisma Client instance[0m
[36m[2025-11-29T03:17:22.768Z] [INFO] [BudgetService] Criando or├ºamento {"userId":"cmijq0hxp00004u8dqnezzdhw","name":"Alimenta├º├úo"}[0m
[31m[2025-11-29T03:17:22.778Z] [ERROR] [Prisma] Prisma error
Error: 
Invalid `prisma.budget.create()` invocation in
C:\Users\Kronn\OneDrive\Documentos\dev\My\financasDashboard\backend\src\services\orcamentosServico.ts:28:40

  25 ): Promise<Budget> {
  26     logger.info('Criando or├ºamento', 'BudgetService', { userId, name: dto.name });
  27 
ÔåÆ 28     const budget = await prisma.budget.create({
           data: {
             name: "Alimenta├º├úo",
             amount: 1000,
             period: "MONTHLY",
             category: "Alimenta├º├úo",
             userId: "cmijq0hxp00004u8dqnezzdhw",
         +   startDate: DateTime
           }
         })

Argument `startDate` is missing.[0m
24 | `))}toString(){return 
this.lines.join(`
25 | `)}};var yp={red:ce,gray:Gt,dim:Oe,b
old:H,underline:X,highlightSource:e=>e.hi
ghlight()},bp={red:e=>e,gray:e=>e,dim:e=>
e,bold:e=>e,underline:e=>e,highlightSourc
e:e=>e};function Ep({message:e,originalMe
thod:t,isPanic:r,callArguments:n}){return
{functionName:`prisma.${t}()`,message:e,i
sPanic:r??!1,callArguments:n}}function wp
({callsite:e,message:t,originalMethod:r,i
sPanic:n,callArguments:i},o){let s=Ep({me
ssage:t,originalMethod:r,isPanic:n,callAr
guments:i});if(!e||typeof window<"u"||pro
cess.env.NODE_ENV==="production")return 
s;let a=e.getLocation();if(!a||!a.lineNum
ber||!a.columnNumber)return s;let l=Math.
max(1,a.lineNumber-3),u=cn.read(a.fileNam
e)?.slice(l,a.lineNumber),c=u?.lineAt(a.l
ineNumber);if(u&&c){let 
p=Pp(c),d=xp(c);if(!d)return s;s.function
Name=`${d.code})`,s.location=a,n||(u=u.ma
pLineAt(a.lineNumber,g=>g.slice(0,d.openi
ngBraceIndex))),u=o.highlightSource(u);le
t f=String(u.lastLineNumber).length;if(s.
contextLines=u.mapLines((g,h)=>o.gray(Str
ing(h).padStart(f))+" 
"+g).mapLines(g=>o.dim(g)).prependSymbolA
26 | `)}function Tp(e){let 
t=[e.fileName];return e.lineNumber&&t.pus
h(String(e.lineNumber)),e.columnNumber&&t
.push(String(e.columnNumber)),t.join(":")
}function Tt(e){let 
t=e.showColors?yp:bp,r;return 
r=wp(e,t),vp(r,t)}var 
Gs=k(Ai());function Vs(e,t,r){let n=Bs(e)
,i=Rp(n),o=Sp(i);o?pn(o,t,r):t.addErrorMe
ssage(()=>"Unknown error")}function 
Bs(e){return e.errors.flatMap(t=>t.kind==
="Union"?Bs(t):[t])}function Rp(e){let 
t=new Map,r=[];for(let n of e){if(n.kind!
=="InvalidArgumentType"){r.push(n);contin
ue}let i=`${n.selectionPath.join(".")}:${
n.argumentPath.join(".")}`,o=t.get(i);o?t
.set(i,{...n,argument:{...n.argument,type
Names:Cp(o.argument.typeNames,n.argument.
typeNames)}}):t.set(i,n)}return 
r.push(...t.values()),r}function 
Cp(e,t){return[...new 
Set(e.concat(t))]}function Sp(e){return 
xi(e,(t,r)=>{let n=qs(t),i=qs(r);return 
n!==i?n-i:js(t)-js(r)})}function 
qs(e){let t=0;return Array.isArray(e.sele
ctionPath)&&(t+=e.selectionPath.length),A
rray.isArray(e.argumentPath)&&(t+=e.argum
entPath.length),t}function js(e){switch(
27 | `)}getCurrentLineLength(){return thi
s.currentLine.length}indentedCurrentLine(
){let t=this.currentLine.padStart(this.cu
rrentLine.length+2*this.currentIndent);re
turn this.marginSymbol?this.marginSymbol+
t.slice(1):t}};var dn=class{constructor(t
){this.value=t}write(t){t.write(this.valu
e)}markAsError(){this.value.markAsError()
}};var mn=e=>e,fn={bold:mn,red:mn,green:m
n,dim:mn,enabled:!1},Us={bold:H,red:ce,gr
een:qe,dim:Oe,enabled:!0},Ct={write(e){e.
writeLine(",")}};var Pe=class{constructor
(t){this.contents=t;this.isUnderlined=!1;
this.color=t=>t}underline(){return this.i
sUnderlined=!0,this}setColor(t){return 
this.color=t,this}write(t){let r=t.getCur
rentLineLength();t.write(this.color(this.
contents)),this.isUnderlined&&t.afterNext
Newline(()=>{t.write(" ".repeat(r)).write
Line(this.color("~".repeat(this.contents.
length)))})}};var Ye=class{constructor(){
this.hasError=!1}markAsError(){return 
this.hasError=!0,this}};var St=class 
extends Ye{constructor(){super(...argumen
ts);this.items=[]}addItem(r){return 
this.items.push(ne
28 | Note that ${s.bold("include")} 
statements only accept relation 
fields.`,a})}function kp(e,t,r){let n=t.a
rguments.getDeepSubSelectionValue(e.selec
tionPath)?.asObject();if(n){let i=n.getFi
eld("omit")?.value.asObject();if(i){Dp(e,
t,i);return}if(n.hasField("select")){_p(e
,t);return}}if(r?.[xt(e.outputType.name)]
){Fp(e,t);return}t.addErrorMessage(()=>`U
nknown field at 
"${e.selectionPath.join(".")} 
selection"`)}function 
Dp(e,t,r){r.removeAllFields();for(let n 
of 
e.outputType.fields)r.addSuggestion(new u
e(n.name,"false"));t.addErrorMessage(n=>`
The ${n.red("omit")} statement includes 
every field of the model 
${n.bold(e.outputType.name)}. At least 
one field must be included in the 
result`)}function _p(e,t){let r=e.outputT
ype,n=t.arguments.getDeepSelectionParent(
e.selectionPath)?.value,i=n?.isEmpty()??!
1;n&&(n.removeAllFields(),Ws(n,r)),t.addE
rrorMessage(o=>i?`The 
${o.red("`select`")} statement for type 
${o.bold(r.name)} must not be empty. 
${or(o)}`:`The ${o.red("`select`")} 
statement for type ${o.bold(r.name)} 
needs $
29 | `)}};function Ot(e){return new 
ki(Zs(e))}function Zs(e){let t=new 
At;for(let[r,n]of Object.entries(e)){let 
i=new bn(r,Xs(n));t.addField(i)}return 
t}function Xs(e){if(typeof 
e=="string")return new 
W(JSON.stringify(e));if(typeof 
e=="number"||typeof e=="boolean")return 
new W(String(e));if(typeof 
e=="bigint")return new 
W(`${e}n`);if(e===null)return new 
W("null");if(e===void 0)return new 
W("undefined");if(vt(e))return new 
W(`new 
Prisma.Decimal("${e.toFixed()}")`);if(e 
instanceof Uint8Array)return 
Buffer.isBuffer(e)?new 
W(`Buffer.alloc(${e.byteLength})`):new 
W(`new 
Uint8Array(${e.byteLength})`);if(e 
instanceof Date){let 
t=ln(e)?e.toISOString():"Invalid 
Date";return new W(`new 
Date("${t}")`)}return e instanceof 
Me?new 
W(`Prisma.${e._getName()}`):It(e)?new W(`
prisma.${zs(e.modelName)}.$fields.${e.nam
e}`):Array.isArray(e)?zp(e):typeof 
e=="object"?Zs(e):new W(Object.prototype.
toString.call(e))}function zp(e){let 
t=new St;for(let r of 
e)t.addItem(Xs(r));return t}function 
En(e,t){let 
r=t==="pretty"?Us:fn,n=e.renderAllMes

PrismaClientValidationError: 
Invalid `prisma.budget.create()` 
invocation in
C:\Users\Kronn\OneDrive\Documentos\dev\My
\financasDashboard\backend\src\services\o
rcamentosServico.ts:28:40

  25 ): Promise<Budget> {
  26     logger.info('Criando 
or├ºamento', 'BudgetService', { userId, 
name: dto.name });
  27 
ÔåÆ 28     const budget = await 
prisma.budget.create({
           data: {
             name: "Alimenta├º├úo",
             amount: 1000,
             period: "MONTHLY",
             category: "Alimenta├º├úo",
             userId: 
"cmijq0hxp00004u8dqnezzdhw",
         +   startDate: DateTime
           }
         })

Argument `startDate` is missing.
 clientVersion: "5.22.0",

      at wn (C:\Users\Kronn\OneDrive\Docu
mentos\dev\My\financasDashboard\backend\n
ode_modules\@prisma\client\runtime\librar
y.js:29:1363)
      at handleRequestError (C:\Users\Kro
nn\OneDrive\Documentos\dev\My\financasDas
hboard\backend\node_modules\@prisma\clien
t\runtime\library.js:121:6958)
      at handleAndLogRequestError (C:\Use
rs\Kronn\OneDrive\Documentos\dev\My\finan
casDashboard\backend\node_modules\@prisma
\client\runtime\library.js:121:6623)
      at request (C:\Users\Kronn\OneDrive
\Documentos\dev\My\financasDashboard\back
end\node_modules\@prisma\client\runtime\l
ibrary.js:121:6307)
(fail) Budget Service > should create 
budget [15.00ms]
68 |     const budget = await 
prisma.budget.findFirst({
69 |         where: { id, userId, 
deletedAt: null },
70 |     });
71 | 
72 |     if (!budget) {
73 |         throw new 
NotFoundError('Or├ºamento n├úo 
encontrado');
                   ^
error: Or├ºamento n├úo encontrado n├úo 
encontrado
 statusCode: 404,
 isOperational: true,
    details: undefined,
       code: "NOT_FOUND_ERROR"

      at getBudgetById (C:\Users\Kronn\On
eDrive\Documentos\dev\My\financasDashboar
d\backend\src\services\orcamentosServico.
ts:73:15)
(fail) Budget Service > should get 
budget by id
68 |     const budget = await 
prisma.budget.findFirst({
69 |         where: { id, userId, 
deletedAt: null },
70 |     });
71 | 
72 |     if (!budget) {
73 |         throw new 
NotFoundError('Or├ºamento n├úo 
encontrado');
                   ^
error: Or├ºamento n├úo encontrado n├úo 
encontrado
 statusCode: 404,
 isOperational: true,
    details: undefined,
       code: "NOT_FOUND_ERROR"

      at getBudgetById (C:\Users\Kronn\On
eDrive\Documentos\dev\My\financasDashboar
d\backend\src\services\orcamentosServico.
ts:73:15)
(fail) Budget Service > should update 
budget [16.00ms]
68 |     const budget = await 
prisma.budget.findFirst({
69 |         where: { id, userId, 
deletedAt: null },
70 |     });
71 | 
72 |     if (!budget) {
73 |         throw new 
NotFoundError('Or├ºamento n├úo 
encontrado');
                   ^
error: Or├ºamento n├úo encontrado n├úo 
encontrado
 statusCode: 404,
 isOperational: true,
    details: undefined,
       code: "NOT_FOUND_ERROR"

      at getBudgetById (C:\Users\Kronn\On
eDrive\Documentos\dev\My\financasDashboar
d\backend\src\services\orcamentosServico.
ts:73:15)
(fail) Budget Service > should get 
budget progress
68 |     const budget = await 
prisma.budget.findFirst({
69 |         where: { id, userId, 
deletedAt: null },
70 |     });
71 | 
72 |     if (!budget) {
73 |         throw new 
NotFoundError('Or├ºamento n├úo 
encontrado');
                   ^
error: Or├ºamento n├úo encontrado n├úo 
encontrado
 statusCode: 404,
 isOperational: true,
    details: undefined,
       code: "NOT_FOUND_ERROR"

      at getBudgetById (C:\Users\Kronn\On
eDrive\Documentos\dev\My\financasDashboar
d\backend\src\services\orcamentosServico.
ts:73:15)
(fail) Budget Service > should delete 
budget

src\utils\AppError.test.ts:

# Unhandled error between tests
-------------------------------
5 |     });
        ^
error: Unexpected }
    at C:\Users\Kronn\OneDrive\Documentos
\dev\My\financasDashboard\backend\src\uti
ls\AppError.test.ts:5:5
-------------------------------


src\validators\authValidator.test.ts:

# Unhandled error between tests
-------------------------------
2 |     name: "Test User",
            ^
error: Expected ";" but found ":"
    at C:\Users\Kronn\OneDrive\Documentos
\dev\My\financasDashboard\backend\src\val
idators\authValidator.test.ts:2:9

3 |         };
            ^
error: Unexpected }
    at C:\Users\Kronn\OneDrive\Documentos
\dev\My\financasDashboard\backend\src\val
idators\authValidator.test.ts:3:9
-------------------------------


src\validators\transactionValidator.test.
ts:

# Unhandled error between tests
-------------------------------
2 |     category: "Alimenta├º├úo",
                ^
error: Expected ";" but found ":"
    at C:\Users\Kronn\OneDrive\Documentos
\dev\My\financasDashboard\backend\src\val
idators\transactionValidator.test.ts:2:13

3 |         description: "Compras do 
m├¬s",
                       ^
error: Expected ";" but found ":"
    at C:\Users\Kronn\OneDrive\Documentos
\dev\My\financasDashboard\backend\src\val
idators\transactionValidator.test.ts:3:20

4 |             amount: 500.00,
                      ^
error: Expected ";" but found ":"
    at C:\Users\Kronn\OneDrive\Documentos
\dev\My\financasDashboard\backend\src\val
idators\transactionValidator.test.ts:4:19

5 |     };
        ^
error: Unexpected }
    at C:\Users\Kronn\OneDrive\Documentos
\dev\My\financasDashboard\backend\src\val
idators\transactionValidator.test.ts:5:5
-------------------------------


 0 pass
 8 fail
 3 errors
Ran 8 tests across 4 files. [366.00ms]
